# Raw counters

Number of ranks: 4
Datatype size: 4
Allgatherv calls 0-1
Count: 1 calls - 0


BEGINNING DATA
Rank(s) 0-3: 1 1 1 1 
END DATA
# Raw counters

Number of ranks: 4
Datatype size: 4
Allgatherv calls 0-1
Count: 1 calls - 1


BEGINNING DATA
Rank(s) 0-3: 2 2 2 2 
END DATA
